\BOOKMARK [1][-]{section.1}{Introduction}{}% 1
\BOOKMARK [1][-]{section.2}{Nuclear Scattering Reactions in the Glauber Framework}{}% 2
\BOOKMARK [2][-]{subsection.2.1}{The Glauber model}{section.2}% 3
\BOOKMARK [2][-]{subsection.2.2}{Eikonal optical-limit approximation \(EOL\)}{section.2}% 4
\BOOKMARK [3][-]{subsubsection.2.2.1}{Eikonal Wave Approximation}{subsection.2.2}% 5
\BOOKMARK [3][-]{subsubsection.2.2.2}{Optical potential and optical limit}{subsection.2.2}% 6
\BOOKMARK [2][-]{subsection.2.3}{Input to the Glauber Model}{section.2}% 7
\BOOKMARK [3][-]{subsubsection.2.3.1}{In-medium Modifications \205 Extensions of the Glauber Model}{subsection.2.3}% 8
\BOOKMARK [2][-]{subsection.2.4}{Quasi-Free Scattering \(QFS\) Reactions}{section.2}% 9
\BOOKMARK [3][-]{subsubsection.2.4.1}{Kinematics of QFS Reactions}{subsection.2.4}% 10
\BOOKMARK [3][-]{subsubsection.2.4.2}{Application Fields of QFS Reactions}{subsection.2.4}% 11
\BOOKMARK [1][-]{section.3}{Experiment}{}% 12
\BOOKMARK [2][-]{subsection.3.1}{GSI facility}{section.3}% 13
\BOOKMARK [3][-]{subsubsection.3.1.1}{FAIR Project}{subsection.3.1}% 14
\BOOKMARK [2][-]{subsection.3.2}{R3B Setup}{section.3}% 15
\BOOKMARK [2][-]{subsection.3.3}{Detector Setup in S444 Commissioning Experiment 2020}{section.3}% 16
\BOOKMARK [3][-]{subsubsection.3.3.1}{Multi Wire Proportional Chambers \(MWPC\)}{subsection.3.3}% 17
\BOOKMARK [3][-]{subsubsection.3.3.2}{Ionization Chambers \205 R3B MUSIC/TWIN MUSIC}{subsection.3.3}% 18
\BOOKMARK [3][-]{subsubsection.3.3.3}{Sofia Start Detector}{subsection.3.3}% 19
\BOOKMARK [3][-]{subsubsection.3.3.4}{GLAD Magnet}{subsection.3.3}% 20
\BOOKMARK [3][-]{subsubsection.3.3.5}{CALIFA Calorimeter}{subsection.3.3}% 21
\BOOKMARK [3][-]{subsubsection.3.3.6}{Sofia Time of Flight Wall}{subsection.3.3}% 22
\BOOKMARK [3][-]{subsubsection.3.3.7}{NeuLAND Detector}{subsection.3.3}% 23
\BOOKMARK [1][-]{section.4}{Analysis \205 Total Interaction Cross Section 12C + 12C}{}% 24
\BOOKMARK [2][-]{subsection.4.1}{Cross Section Measurement via Transmission Method}{section.4}% 25
\BOOKMARK [2][-]{subsection.4.2}{Event Selection}{section.4}% 26
\BOOKMARK [2][-]{subsection.4.3}{Charge Changing Cross Section Measurement}{section.4}% 27
\BOOKMARK [3][-]{subsubsection.4.3.1}{TWIN MUSIC Calibration}{subsection.4.3}% 28
\BOOKMARK [3][-]{subsubsection.4.3.2}{TWIN MUSIC Event Selection}{subsection.4.3}% 29
\BOOKMARK [3][-]{subsubsection.4.3.3}{Carbon Identification}{subsection.4.3}% 30
\BOOKMARK [2][-]{subsection.4.4}{Geometric Corrections}{section.4}% 31
\BOOKMARK [2][-]{subsection.4.5}{Isotope Correction}{section.4}% 32
\BOOKMARK [3][-]{subsubsection.4.5.1}{Distribution fitting}{subsection.4.5}% 33
\BOOKMARK [3][-]{subsubsection.4.5.2}{Acceptance Dependency}{subsection.4.5}% 34
\BOOKMARK [2][-]{subsection.4.6}{Statistical and Systematic Error Analysis}{section.4}% 35
\BOOKMARK [3][-]{subsubsection.4.6.1}{Charge-Changing Cross Section}{subsection.4.6}% 36
\BOOKMARK [3][-]{subsubsection.4.6.2}{Isotope Correction Contribution}{subsection.4.6}% 37
\BOOKMARK [3][-]{subsubsection.4.6.3}{Total Interaction Cross Section}{subsection.4.6}% 38
\BOOKMARK [2][-]{subsection.4.7}{ Results and Discussion}{section.4}% 39
\BOOKMARK [1][-]{section.5}{Qualitative Analysis \205 Quasi-Free Scattering 12C\(p,2p\)11B}{}% 40
\BOOKMARK [2][-]{subsection.5.1}{Setup-Calibration \046 Fragment Tracking}{section.5}% 41
\BOOKMARK [3][-]{subsubsection.5.1.1}{Flight-Path Reconstruction}{subsection.5.1}% 42
\BOOKMARK [3][-]{subsubsection.5.1.2}{Time of Flight Calibration}{subsection.5.1}% 43
\BOOKMARK [2][-]{subsection.5.2}{Event Selection}{section.5}% 44
\BOOKMARK [2][-]{subsection.5.3}{Fragment Identification}{section.5}% 45
\BOOKMARK [2][-]{subsection.5.4}{QFS-Protons}{section.5}% 46
\BOOKMARK [3][-]{subsubsection.5.4.1}{Missing Momentum pmiss Reconstruction}{subsection.5.4}% 47
\BOOKMARK [3][-]{subsubsection.5.4.2}{Correlations between 11B Fragment and the reconstructed inner Proton }{subsection.5.4}% 48
\BOOKMARK [3][-]{subsubsection.5.4.3}{Proton Separation Energy Sp}{subsection.5.4}% 49
\BOOKMARK [2][-]{subsection.5.5}{Reconstruction of excited 11B states}{section.5}% 50
\BOOKMARK [2][-]{subsection.5.6}{Fission via Quasi-Free Scattering reaction}{section.5}% 51
\BOOKMARK [1][-]{section.6}{Machine Learning for the Cluster Reconstruction in the CALIFA Calorimeter at R3B}{}% 52
\BOOKMARK [2][-]{subsection.6.1}{Challenges in Relativistic Gamma Spectroscopy}{section.6}% 53
\BOOKMARK [2][-]{subsection.6.2}{The Geometrical R3B Clustering Algorithm}{section.6}% 54
\BOOKMARK [2][-]{subsection.6.3}{Data Simulation and Selection}{section.6}% 55
\BOOKMARK [3][-]{subsubsection.6.3.1}{Simulation Setup}{subsection.6.3}% 56
\BOOKMARK [3][-]{subsubsection.6.3.2}{Performance Metrics}{subsection.6.3}% 57
\BOOKMARK [2][-]{subsection.6.4}{Agglomerative Clustering Model}{section.6}% 58
\BOOKMARK [2][-]{subsection.6.5}{Edge Detection Neural Network}{section.6}% 59
\BOOKMARK [2][-]{subsection.6.6}{Discussion}{section.6}% 60
\BOOKMARK [2][-]{subsection.6.7}{Outlook}{section.6}% 61
\BOOKMARK [1][-]{section*.75}{Appendices}{}% 62
\BOOKMARK [1][-]{Appendix.1.A}{Pileup rejection with R3B MUSIC charge cut}{}% 63
\BOOKMARK [1][-]{Appendix.1.B}{MWPCs \205 cal-to-hit data processing}{}% 64
\BOOKMARK [2][-]{subsection.1.B.1}{Coherent clustering}{Appendix.1.B}% 65
\BOOKMARK [1][-]{Appendix.1.C}{MWPC0 selection cuts}{}% 66
\BOOKMARK [1][-]{Appendix.1.D}{MWPCs \205 Efficiency Analysis}{}% 67
\BOOKMARK [1][-]{Appendix.1.E}{Alternative methods for TWIN MUSIC hit selection and charge assignment}{}% 68
\BOOKMARK [1][-]{Appendix.1.F}{Dead Time Uncertainties in TWIN MUSIC}{}% 69
\BOOKMARK [1][-]{Appendix.1.G}{Charge changing cross sections}{}% 70
\BOOKMARK [1][-]{Appendix.1.H}{Carbon isotopes fitting}{}% 71
\BOOKMARK [1][-]{Appendix.1.I}{Isotope correction contributions}{}% 72
\BOOKMARK [1][-]{Appendix.1.J}{Flight-Path Reconstruction}{}% 73
\BOOKMARK [1][-]{section*.98}{References}{}% 74
